{"level":"info","message":"❌ Socket disconnected: buRu7_Hb0YNMd8HLAAAB"}
{"level":"info","message":"🔌 Socket connected: Xqs90M-uOJfibVV6AAAD","role":"owner","userId":"6a0e1c7651fe1e4077f88f87"}
{"level":"info","message":"📍 Socket joined room: user:6a0e1c7651fe1e4077f88f87","socketId":"Xqs90M-uOJfibVV6AAAD"}
{"level":"info","message":"📍 Socket joined room: owner:6a0e1c7651fe1e4077f88f87","socketId":"Xqs90M-uOJfibVV6AAAD"}
{"level":"info","message":"❌ Socket disconnected: Xqs90M-uOJfibVV6AAAD"}
{"level":"info","message":"🔌 Socket connected: 2lFh8150md8awSgcAAAG","role":"owner","userId":"6a0e1c7651fe1e4077f88f87"}
{"level":"info","message":"📍 Socket joined room: user:6a0e1c7651fe1e4077f88f87","socketId":"2lFh8150md8awSgcAAAG"}
{"level":"info","message":"📍 Socket joined room: owner:6a0e1c7651fe1e4077f88f87","socketId":"2lFh8150md8awSgcAAAG"}
{"level":"info","message":"❌ Socket disconnected: 2lFh8150md8awSgcAAAG"}
{"level":"info","message":"🔌 Socket connected: 6ucep4FkYkziQQcnAAAI","role":"owner","userId":"6a0e1c7651fe1e4077f88f87"}
{"level":"info","message":"📍 Socket joined room: user:6a0e1c7651fe1e4077f88f87","socketId":"6ucep4FkYkziQQcnAAAI"}
{"level":"info","message":"📍 Socket joined room: owner:6a0e1c7651fe1e4077f88f87","socketId":"6ucep4FkYkziQQcnAAAI"}
{"level":"info","message":"❌ Socket disconnected: 6ucep4FkYkziQQcnAAAI"}
{"level":"info","message":"🔌 Socket connected: hvhWfCFE4czySf73AAAL","role":"owner","userId":"6a0e1c7651fe1e4077f88f87"}
{"level":"info","message":"📍 Socket joined room: user:6a0e1c7651fe1e4077f88f87","socketId":"hvhWfCFE4czySf73AAAL"}
{"level":"info","message":"📍 Socket joined room: owner:6a0e1c7651fe1e4077f88f87","socketId":"hvhWfCFE4czySf73AAAL"}
{"level":"info","message":"❌ Socket disconnected: hvhWfCFE4czySf73AAAL"}
{"level":"info","message":"🔌 Socket connected: 8pZgQGjdOkJ8hSLpAAAO","role":"owner","userId":"6a0e1c7651fe1e4077f88f87"}
{"level":"info","message":"📍 Socket joined room: user:6a0e1c7651fe1e4077f88f87","socketId":"8pZgQGjdOkJ8hSLpAAAO"}
{"level":"info","message":"📍 Socket joined room: owner:6a0e1c7651fe1e4077f88f87","socketId":"8pZgQGjdOkJ8hSLpAAAO"}
{"level":"info","message":"❌ Socket disconnected: 8pZgQGjdOkJ8hSLpAAAO"}
{"level":"info","message":"🔌 Socket connected: KZYk3tStjk5weF5hAAAR","role":"owner","userId":"6a0e1c7651fe1e4077f88f87"}
{"level":"info","message":"📍 Socket joined room: user:6a0e1c7651fe1e4077f88f87","socketId":"KZYk3tStjk5weF5hAAAR"}
{"level":"info","message":"📍 Socket joined room: owner:6a0e1c7651fe1e4077f88f87","socketId":"KZYk3tStjk5weF5hAAAR"}
{"level":"info","message":"❌ Socket disconnected: KZYk3tStjk5weF5hAAAR"}
{"level":"info","message":"🔌 Socket connected: NE5LlBlr3mwtgrFXAAAU","role":"owner","userId":"6a0e1c7651fe1e4077f88f87"}
{"level":"info","message":"📍 Socket joined room: user:6a0e1c7651fe1e4077f88f87","socketId":"NE5LlBlr3mwtgrFXAAAU"}
{"level":"info","message":"📍 Socket joined room: owner:6a0e1c7651fe1e4077f88f87","socketId":"NE5LlBlr3mwtgrFXAAAU"}
{"level":"info","message":"❌ Socket disconnected: NE5LlBlr3mwtgrFXAAAU"}
{"level":"info","message":"🔌 Socket connected: XI3-8Kzk9DcvBgIJAAAX","role":"owner","userId":"6a0e1c7651fe1e4077f88f87"}
{"level":"info","message":"📍 Socket joined room: user:6a0e1c7651fe1e4077f88f87","socketId":"XI3-8Kzk9DcvBgIJAAAX"}
{"level":"info","message":"📍 Socket joined room: owner:6a0e1c7651fe1e4077f88f87","socketId":"XI3-8Kzk9DcvBgIJAAAX"}
{"level":"info","message":"❌ Socket disconnected: XI3-8Kzk9DcvBgIJAAAX"}
{"level":"info","message":"🔌 Socket connected: 9GXlhCaKG7Q55cemAAAa","role":"owner","userId":"6a0e1c7651fe1e4077f88f87"}
{"level":"info","message":"📍 Socket joined room: user:6a0e1c7651fe1e4077f88f87","socketId":"9GXlhCaKG7Q55cemAAAa"}
{"level":"info","message":"📍 Socket joined room: owner:6a0e1c7651fe1e4077f88f87","socketId":"9GXlhCaKG7Q55cemAAAa"}
{"level":"info","message":"❌ Socket disconnected: 9GXlhCaKG7Q55cemAAAa"}
{"level":"info","message":"🔌 Socket connected: jENhAQbAjczesRjHAAAd","role":"owner","userId":"6a0e1c7651fe1e4077f88f87"}
{"level":"info","message":"📍 Socket joined room: user:6a0e1c7651fe1e4077f88f87","socketId":"jENhAQbAjczesRjHAAAd"}
{"level":"info","message":"📍 Socket joined room: owner:6a0e1c7651fe1e4077f88f87","socketId":"jENhAQbAjczesRjHAAAd"}
{"level":"info","message":"❌ Socket disconnected: jENhAQbAjczesRjHAAAd"}
{"level":"info","message":"🔌 Socket connected: pPyPchWNBAhuRqLIAAAg","role":"owner","userId":"6a0e1c7651fe1e4077f88f87"}
{"level":"info","message":"📍 Socket joined room: user:6a0e1c7651fe1e4077f88f87","socketId":"pPyPchWNBAhuRqLIAAAg"}
{"level":"info","message":"📍 Socket joined room: owner:6a0e1c7651fe1e4077f88f87","socketId":"pPyPchWNBAhuRqLIAAAg"}
{"level":"info","message":"❌ Socket disconnected: pPyPchWNBAhuRqLIAAAg"}
{"level":"info","message":"🔌 Socket connected: TJrAi4cWOiQbkUSwAAAj","role":"owner","userId":"6a0e1c7651fe1e4077f88f87"}
{"level":"info","message":"📍 Socket joined room: user:6a0e1c7651fe1e4077f88f87","socketId":"TJrAi4cWOiQbkUSwAAAj"}
{"level":"info","message":"📍 Socket joined room: owner:6a0e1c7651fe1e4077f88f87","socketId":"TJrAi4cWOiQbkUSwAAAj"}
{"level":"info","message":"❌ Socket disconnected: TJrAi4cWOiQbkUSwAAAj"}
{"level":"info","message":"🔌 Socket connected: 6OoX4_zXVGUx8zxWAAAm","role":"owner","userId":"6a0e1c7651fe1e4077f88f87"}
{"level":"info","message":"📍 Socket joined room: user:6a0e1c7651fe1e4077f88f87","socketId":"6OoX4_zXVGUx8zxWAAAm"}
{"level":"info","message":"📍 Socket joined room: owner:6a0e1c7651fe1e4077f88f87","socketId":"6OoX4_zXVGUx8zxWAAAm"}
{"level":"info","message":"❌ Socket disconnected: 6OoX4_zXVGUx8zxWAAAm"}
{"level":"info","message":"🔌 Socket connected: JCRQCJpEsPUAKAD7AAAp","role":"owner","userId":"6a0e1c7651fe1e4077f88f87"}
{"level":"info","message":"📍 Socket joined room: user:6a0e1c7651fe1e4077f88f87","socketId":"JCRQCJpEsPUAKAD7AAAp"}
{"level":"info","message":"📍 Socket joined room: owner:6a0e1c7651fe1e4077f88f87","socketId":"JCRQCJpEsPUAKAD7AAAp"}
{"level":"info","message":"❌ Socket disconnected: JCRQCJpEsPUAKAD7AAAp"}
{"level":"info","message":"🔌 Socket connected: miIGauvMnvkslqMxAAAs","role":"owner","userId":"6a0e1c7651fe1e4077f88f87"}
{"level":"info","message":"📍 Socket joined room: user:6a0e1c7651fe1e4077f88f87","socketId":"miIGauvMnvkslqMxAAAs"}
{"level":"info","message":"📍 Socket joined room: owner:6a0e1c7651fe1e4077f88f87","socketId":"miIGauvMnvkslqMxAAAs"}
{"level":"info","message":"✅ User logged out","role":"owner","userId":"6a0e1c7651fe1e4077f88f87"}
{"level":"info","message":"❌ Socket disconnected: miIGauvMnvkslqMxAAAs"}
{"email":"admin@statio-nexus.com","level":"info","message":"✅ User logged in successfully","role":"admin","userId":"6a0e1c7551fe1e4077f88f7f"}
{"level":"info","message":"🔌 Socket connected: 8snDpnbaVsKGBTkeAAAu","role":"admin","userId":"6a0e1c7551fe1e4077f88f7f"}
{"level":"info","message":"📍 Socket joined room: user:6a0e1c7551fe1e4077f88f7f","socketId":"8snDpnbaVsKGBTkeAAAu"}
{"level":"info","message":"📍 Socket joined room: owner:6a0e1c7551fe1e4077f88f7f","socketId":"8snDpnbaVsKGBTkeAAAu"}
{"level":"info","message":"❌ Socket disconnected: 8snDpnbaVsKGBTkeAAAu"}
{"level":"info","message":"🔌 Socket connected: 5kfhIzTYfruOcl9PAAAx","role":"admin","userId":"6a0e1c7551fe1e4077f88f7f"}
{"level":"info","message":"📍 Socket joined room: user:6a0e1c7551fe1e4077f88f7f","socketId":"5kfhIzTYfruOcl9PAAAx"}
{"level":"info","message":"📍 Socket joined room: owner:6a0e1c7551fe1e4077f88f7f","socketId":"5kfhIzTYfruOcl9PAAAx"}
{"level":"info","message":"❌ Socket disconnected: 5kfhIzTYfruOcl9PAAAx"}
{"level":"info","message":"🔌 Socket connected: _6A77SdQRwQycA4CAAA0","role":"admin","userId":"6a0e1c7551fe1e4077f88f7f"}
{"level":"info","message":"📍 Socket joined room: user:6a0e1c7551fe1e4077f88f7f","socketId":"_6A77SdQRwQycA4CAAA0"}
{"level":"info","message":"📍 Socket joined room: owner:6a0e1c7551fe1e4077f88f7f","socketId":"_6A77SdQRwQycA4CAAA0"}
{"level":"info","message":"❌ Socket disconnected: _6A77SdQRwQycA4CAAA0"}
{"level":"info","message":"🔌 Socket connected: HuKlWj_s6my0hkRBAAA3","role":"admin","userId":"6a0e1c7551fe1e4077f88f7f"}
{"level":"info","message":"📍 Socket joined room: user:6a0e1c7551fe1e4077f88f7f","socketId":"HuKlWj_s6my0hkRBAAA3"}
{"level":"info","message":"📍 Socket joined room: owner:6a0e1c7551fe1e4077f88f7f","socketId":"HuKlWj_s6my0hkRBAAA3"}
{"level":"info","message":"❌ Socket disconnected: HuKlWj_s6my0hkRBAAA3"}
{"level":"info","message":"🔌 Socket connected: LVJFiDWkmMFUfu3fAAA6","role":"admin","userId":"6a0e1c7551fe1e4077f88f7f"}
{"level":"info","message":"📍 Socket joined room: user:6a0e1c7551fe1e4077f88f7f","socketId":"LVJFiDWkmMFUfu3fAAA6"}
{"level":"info","message":"📍 Socket joined room: owner:6a0e1c7551fe1e4077f88f7f","socketId":"LVJFiDWkmMFUfu3fAAA6"}
{"level":"info","message":"✅ User logged out","role":"admin","userId":"6a0e1c7551fe1e4077f88f7f"}
{"level":"info","message":"❌ Socket disconnected: LVJFiDWkmMFUfu3fAAA6"}
{"email":"owner@statio-nexus.com","level":"info","message":"✅ User logged in successfully","role":"owner","userId":"6a0e1c7651fe1e4077f88f87"}
{"level":"info","message":"🔌 Socket connected: FQylD-TmI-KPBnSxAAA8","role":"owner","userId":"6a0e1c7651fe1e4077f88f87"}
{"level":"info","message":"📍 Socket joined room: user:6a0e1c7651fe1e4077f88f87","socketId":"FQylD-TmI-KPBnSxAAA8"}
{"level":"info","message":"📍 Socket joined room: owner:6a0e1c7651fe1e4077f88f87","socketId":"FQylD-TmI-KPBnSxAAA8"}
{"level":"warn","message":"Authorization denied | path=/settings | requiredRoles=admin | actualRole=owner | userId=6a0e1c7651fe1e4077f88f87 |     at C:\\Users\\Lawrenz\\Downloads\\statio-nexus\\statio-nexus\\Server\\Components\\middlewares\\auth.js:103:9 |     at Layer.handle [as handle_request] (C:\\Users\\Lawrenz\\Downloads\\statio-nexus\\statio-nexus\\Server\\node_modules\\express\\lib\\router\\layer.js:95:5) |     at trim_prefix (C:\\Users\\Lawrenz\\Downloads\\statio-nexus\\statio-nexus\\Server\\node_modules\\express\\lib\\router\\index.js:328:13) |     at C:\\Users\\Lawrenz\\Downloads\\statio-nexus\\statio-nexus\\Server\\node_modules\\express\\lib\\router\\index.js:286:9 |     at router.process_params (C:\\Users\\Lawrenz\\Downloads\\statio-nexus\\statio-nexus\\Server\\node_modules\\express\\lib\\router\\index.js:346:12)"}
{"level":"warn","message":"Authorization denied | path=/settings | requiredRoles=admin | actualRole=owner | userId=6a0e1c7651fe1e4077f88f87 |     at C:\\Users\\Lawrenz\\Downloads\\statio-nexus\\statio-nexus\\Server\\Components\\middlewares\\auth.js:103:9 |     at Layer.handle [as handle_request] (C:\\Users\\Lawrenz\\Downloads\\statio-nexus\\statio-nexus\\Server\\node_modules\\express\\lib\\router\\layer.js:95:5) |     at trim_prefix (C:\\Users\\Lawrenz\\Downloads\\statio-nexus\\statio-nexus\\Server\\node_modules\\express\\lib\\router\\index.js:328:13) |     at C:\\Users\\Lawrenz\\Downloads\\statio-nexus\\statio-nexus\\Server\\node_modules\\express\\lib\\router\\index.js:286:9 |     at router.process_params (C:\\Users\\Lawrenz\\Downloads\\statio-nexus\\statio-nexus\\Server\\node_modules\\express\\lib\\router\\index.js:346:12)"}
{"level":"warn","message":"Authorization denied | path=/settings | requiredRoles=admin | actualRole=owner | userId=6a0e1c7651fe1e4077f88f87 |     at C:\\Users\\Lawrenz\\Downloads\\statio-nexus\\statio-nexus\\Server\\Components\\middlewares\\auth.js:103:9 |     at Layer.handle [as handle_request] (C:\\Users\\Lawrenz\\Downloads\\statio-nexus\\statio-nexus\\Server\\node_modules\\express\\lib\\router\\layer.js:95:5) |     at trim_prefix (C:\\Users\\Lawrenz\\Downloads\\statio-nexus\\statio-nexus\\Server\\node_modules\\express\\lib\\router\\index.js:328:13) |     at C:\\Users\\Lawrenz\\Downloads\\statio-nexus\\statio-nexus\\Server\\node_modules\\express\\lib\\router\\index.js:286:9 |     at router.process_params (C:\\Users\\Lawrenz\\Downloads\\statio-nexus\\statio-nexus\\Server\\node_modules\\express\\lib\\router\\index.js:346:12)"}
{"level":"warn","message":"Authorization denied | path=/settings | requiredRoles=admin | actualRole=owner | userId=6a0e1c7651fe1e4077f88f87 |     at C:\\Users\\Lawrenz\\Downloads\\statio-nexus\\statio-nexus\\Server\\Components\\middlewares\\auth.js:103:9 |     at Layer.handle [as handle_request] (C:\\Users\\Lawrenz\\Downloads\\statio-nexus\\statio-nexus\\Server\\node_modules\\express\\lib\\router\\layer.js:95:5) |     at trim_prefix (C:\\Users\\Lawrenz\\Downloads\\statio-nexus\\statio-nexus\\Server\\node_modules\\express\\lib\\router\\index.js:328:13) |     at C:\\Users\\Lawrenz\\Downloads\\statio-nexus\\statio-nexus\\Server\\node_modules\\express\\lib\\router\\index.js:286:9 |     at router.process_params (C:\\Users\\Lawrenz\\Downloads\\statio-nexus\\statio-nexus\\Server\\node_modules\\express\\lib\\router\\index.js:346:12)"}
{"level":"info","message":"❌ Socket disconnected: FQylD-TmI-KPBnSxAAA8"}
{"level":"info","message":"🔌 Socket connected: LGxUUP970u_7IxLbAAA_","role":"owner","userId":"6a0e1c7651fe1e4077f88f87"}
{"level":"info","message":"📍 Socket joined room: user:6a0e1c7651fe1e4077f88f87","socketId":"LGxUUP970u_7IxLbAAA_"}
{"level":"info","message":"📍 Socket joined room: owner:6a0e1c7651fe1e4077f88f87","socketId":"LGxUUP970u_7IxLbAAA_"}
{"level":"info","message":"✅ User logged out","role":"owner","userId":"6a0e1c7651fe1e4077f88f87"}
{"level":"info","message":"❌ Socket disconnected: LGxUUP970u_7IxLbAAA_"}
{"email":"admin@statio-nexus.com","level":"info","message":"✅ User logged in successfully","role":"admin","userId":"6a0e1c7551fe1e4077f88f7f"}
{"level":"info","message":"🔌 Socket connected: Edqlk2kyWxvlLJc4AABB","role":"admin","userId":"6a0e1c7551fe1e4077f88f7f"}
{"level":"info","message":"📍 Socket joined room: user:6a0e1c7551fe1e4077f88f7f","socketId":"Edqlk2kyWxvlLJc4AABB"}
{"level":"info","message":"📍 Socket joined room: owner:6a0e1c7551fe1e4077f88f7f","socketId":"Edqlk2kyWxvlLJc4AABB"}
{"level":"info","message":"❌ Socket disconnected: Edqlk2kyWxvlLJc4AABB"}
{"level":"info","message":"🔌 Socket connected: wREkA9McfA4Qg14oAABE","role":"admin","userId":"6a0e1c7551fe1e4077f88f7f"}
{"level":"info","message":"📍 Socket joined room: user:6a0e1c7551fe1e4077f88f7f","socketId":"wREkA9McfA4Qg14oAABE"}
{"level":"info","message":"📍 Socket joined room: owner:6a0e1c7551fe1e4077f88f7f","socketId":"wREkA9McfA4Qg14oAABE"}
{"level":"warn","message":"⚠️ Optional environment variables missing: STRIPE_SECRET_KEY. Some features may not work."}
{"level":"info","message":"✅ All required environment variables validated"}
{"level":"info","message":"✅ MongoDB connected: ac-7wu8mts-shard-00-00.ju6heal.mongodb.net"}
{"level":"info","message":"✅ NotificationService running in In-Memory Socket.IO mode"}
{"level":"info","message":"🚀 Server running on port 5000"}
{"level":"info","message":"🔌 Socket connected: zZqSIPHQHRGrPbiAAAAB","role":"admin","userId":"6a0e1c7551fe1e4077f88f7f"}
{"level":"info","message":"📍 Socket joined room: user:6a0e1c7551fe1e4077f88f7f","socketId":"zZqSIPHQHRGrPbiAAAAB"}
{"level":"info","message":"📍 Socket joined room: owner:6a0e1c7551fe1e4077f88f7f","socketId":"zZqSIPHQHRGrPbiAAAAB"}
{"error":"Invalid login: 535-5.7.8 Username and Password not accepted. For more information, go to\n535 5.7.8  https://support.google.com/mail/?p=BadCredentials d2e1a72fcca58-84154e01d0dsm2457402b3a.33 - gsmtp","level":"error","message":"Email transporter verification failed"}
{"level":"warn","message":"⚠️ Optional environment variables missing: STRIPE_SECRET_KEY. Some features may not work."}
{"level":"info","message":"✅ All required environment variables validated"}
{"level":"info","message":"✅ MongoDB connected: ac-7wu8mts-shard-00-02.ju6heal.mongodb.net"}
{"level":"info","message":"✅ NotificationService running in In-Memory Socket.IO mode"}
{"level":"info","message":"🚀 Server running on port 5000"}
{"level":"warn","message":"⚠️ Optional environment variables missing: STRIPE_SECRET_KEY. Some features may not work."}
{"level":"info","message":"✅ All required environment variables validated"}
{"level":"info","message":"✅ MongoDB connected: ac-7wu8mts-shard-00-00.ju6heal.mongodb.net"}
{"level":"info","message":"✅ NotificationService running in In-Memory Socket.IO mode"}
{"level":"info","message":"🚀 Server running on port 5000"}
{"error":"Invalid login: 535-5.7.8 Username and Password not accepted. For more information, go to\n535 5.7.8  https://support.google.com/mail/?p=BadCredentials d2e1a72fcca58-84154a010d3sm2002491b3a.18 - gsmtp","level":"error","message":"Email transporter verification failed"}
{"level":"warn","message":"⚠️ Optional environment variables missing: STRIPE_SECRET_KEY. Some features may not work."}
{"level":"info","message":"✅ All required environment variables validated"}
{"level":"info","message":"✅ MongoDB connected: ac-7wu8mts-shard-00-02.ju6heal.mongodb.net"}
{"level":"info","message":"✅ NotificationService running in In-Memory Socket.IO mode"}
{"level":"info","message":"🚀 Server running on port 5000"}
{"error":"Invalid login: 535-5.7.8 Username and Password not accepted. For more information, go to\n535 5.7.8  https://support.google.com/mail/?p=BadCredentials d9443c01a7336-2bea9a2b842sm25477295ad.71 - gsmtp","level":"error","message":"Email transporter verification failed"}
{"level":"warn","message":"⚠️ Optional environment variables missing: STRIPE_SECRET_KEY. Some features may not work."}
{"level":"info","message":"✅ All required environment variables validated"}
{"level":"info","message":"✅ MongoDB connected: ac-7wu8mts-shard-00-00.ju6heal.mongodb.net"}
{"level":"info","message":"✅ NotificationService running in In-Memory Socket.IO mode"}
{"level":"info","message":"🚀 Server running on port 5000"}
{"error":"Invalid login: 535-5.7.8 Username and Password not accepted. For more information, go to\n535 5.7.8  https://support.google.com/mail/?p=BadCredentials d2e1a72fcca58-84154e208c3sm1920819b3a.48 - gsmtp","level":"error","message":"Email transporter verification failed"}
{"level":"warn","message":"⚠️ Optional environment variables missing: STRIPE_SECRET_KEY. Some features may not work."}
{"level":"info","message":"✅ All required environment variables validated"}
{"level":"warn","message":"⚠️ Optional environment variables missing: STRIPE_SECRET_KEY. Some features may not work."}
{"level":"info","message":"✅ All required environment variables validated"}
{"level":"info","message":"✅ MongoDB connected: ac-7wu8mts-shard-00-01.ju6heal.mongodb.net"}
{"level":"info","message":"✅ NotificationService running in In-Memory Socket.IO mode"}
{"level":"info","message":"🚀 Server running on port 5000"}
{"error":"Invalid login: 535-5.7.8 Username and Password not accepted. For more information, go to\n535 5.7.8  https://support.google.com/mail/?p=BadCredentials d9443c01a7336-2beb5695f5fsm11024665ad.8 - gsmtp","level":"error","message":"Email transporter verification failed"}
{"level":"warn","message":"⚠️ Optional environment variables missing: STRIPE_SECRET_KEY. Some features may not work."}
{"level":"info","message":"✅ All required environment variables validated"}
{"level":"info","message":"✅ MongoDB connected: ac-7wu8mts-shard-00-01.ju6heal.mongodb.net"}
{"level":"info","message":"✅ NotificationService running in In-Memory Socket.IO mode"}
{"level":"info","message":"🚀 Server running on port 5000"}
{"error":"Invalid login: 535-5.7.8 Username and Password not accepted. For more information, go to\n535 5.7.8  https://support.google.com/mail/?p=BadCredentials d2e1a72fcca58-84164acc288sm1722919b3a.10 - gsmtp","level":"error","message":"Email transporter verification failed"}
{"level":"warn","message":"⚠️ Optional environment variables missing: STRIPE_SECRET_KEY. Some features may not work."}
{"level":"info","message":"✅ All required environment variables validated"}
{"level":"info","message":"✅ MongoDB connected: ac-7wu8mts-shard-00-01.ju6heal.mongodb.net"}
{"level":"info","message":"✅ NotificationService running in In-Memory Socket.IO mode"}
{"level":"info","message":"🚀 Server running on port 5000"}
{"error":"Invalid login: 535-5.7.8 Username and Password not accepted. For more information, go to\n535 5.7.8  https://support.google.com/mail/?p=BadCredentials d2e1a72fcca58-84164b1b3d2sm1794261b3a.26 - gsmtp","level":"error","message":"Email transporter verification failed"}
{"level":"warn","message":"⚠️ Optional environment variables missing: STRIPE_SECRET_KEY. Some features may not work."}
{"level":"info","message":"✅ All required environment variables validated"}
{"level":"info","message":"✅ MongoDB connected: ac-7wu8mts-shard-00-01.ju6heal.mongodb.net"}
{"level":"info","message":"✅ NotificationService running in In-Memory Socket.IO mode"}
{"level":"info","message":"🚀 Server running on port 5000"}
{"error":"Invalid login: 535-5.7.8 Username and Password not accepted. For more information, go to\n535 5.7.8  https://support.google.com/mail/?p=BadCredentials d2e1a72fcca58-84164afe2dasm1550811b3a.19 - gsmtp","level":"error","message":"Email transporter verification failed"}
{"level":"warn","message":"⚠️ Optional environment variables missing: STRIPE_SECRET_KEY. Some features may not work."}
{"level":"info","message":"✅ All required environment variables validated"}
{"level":"info","message":"✅ MongoDB connected: ac-7wu8mts-shard-00-02.ju6heal.mongodb.net"}
{"level":"info","message":"✅ NotificationService running in In-Memory Socket.IO mode"}
{"level":"info","message":"🚀 Server running on port 5000"}
{"error":"Invalid login: 535-5.7.8 Username and Password not accepted. For more information, go to\n535 5.7.8  https://support.google.com/mail/?p=BadCredentials 41be03b00d2f7-c8520561e94sm1245328a12.22 - gsmtp","level":"error","message":"Email transporter verification failed"}
{"level":"warn","message":"⚠️ Optional environment variables missing: STRIPE_SECRET_KEY. Some features may not work."}
{"level":"info","message":"✅ All required environment variables validated"}
{"level":"info","message":"✅ MongoDB connected: ac-7wu8mts-shard-00-01.ju6heal.mongodb.net"}
{"level":"info","message":"✅ NotificationService running in In-Memory Socket.IO mode"}
{"level":"info","message":"🚀 Server running on port 5000"}
{"error":"Invalid login: 535-5.7.8 Username and Password not accepted. For more information, go to\n535 5.7.8  https://support.google.com/mail/?p=BadCredentials 41be03b00d2f7-c85202b3867sm1206286a12.11 - gsmtp","level":"error","message":"Email transporter verification failed"}
{"email":"owner@statio-nexus.com","level":"info","message":"✅ User logged in successfully","role":"owner","userId":"6a0e1c7651fe1e4077f88f87"}
{"level":"info","message":"🔌 Socket connected: 3hy0zW8e93hf-3b0AAAB","role":"owner","userId":"6a0e1c7651fe1e4077f88f87"}
{"level":"info","message":"📍 Socket joined room: user:6a0e1c7651fe1e4077f88f87","socketId":"3hy0zW8e93hf-3b0AAAB"}
{"level":"info","message":"📍 Socket joined room: owner:6a0e1c7651fe1e4077f88f87","socketId":"3hy0zW8e93hf-3b0AAAB"}
{"level":"info","message":"❌ Socket disconnected: 3hy0zW8e93hf-3b0AAAB"}
{"level":"info","message":"🔌 Socket connected: ZRQKPubVBMr-fnMMAAAE","role":"owner","userId":"6a0e1c7651fe1e4077f88f87"}
{"level":"info","message":"📍 Socket joined room: user:6a0e1c7651fe1e4077f88f87","socketId":"ZRQKPubVBMr-fnMMAAAE"}
{"level":"info","message":"📍 Socket joined room: owner:6a0e1c7651fe1e4077f88f87","socketId":"ZRQKPubVBMr-fnMMAAAE"}
{"level":"info","message":"❌ Socket disconnected: ZRQKPubVBMr-fnMMAAAE"}
{"level":"info","message":"🔌 Socket connected: T1BA4twIVEByysn1AAAH","role":"owner","userId":"6a0e1c7651fe1e4077f88f87"}
{"level":"info","message":"📍 Socket joined room: user:6a0e1c7651fe1e4077f88f87","socketId":"T1BA4twIVEByysn1AAAH"}
{"level":"info","message":"📍 Socket joined room: owner:6a0e1c7651fe1e4077f88f87","socketId":"T1BA4twIVEByysn1AAAH"}
{"level":"info","message":"❌ Socket disconnected: T1BA4twIVEByysn1AAAH"}
{"level":"info","message":"🔌 Socket connected: QYVEg9xdccWL5GOAAAAK","role":"owner","userId":"6a0e1c7651fe1e4077f88f87"}
{"level":"info","message":"📍 Socket joined room: user:6a0e1c7651fe1e4077f88f87","socketId":"QYVEg9xdccWL5GOAAAAK"}
{"level":"info","message":"📍 Socket joined room: owner:6a0e1c7651fe1e4077f88f87","socketId":"QYVEg9xdccWL5GOAAAAK"}
{"level":"info","message":"❌ Socket disconnected: QYVEg9xdccWL5GOAAAAK"}
{"level":"info","message":"🔌 Socket connected: 8gr595wpZ3lXEbJOAAAN","role":"owner","userId":"6a0e1c7651fe1e4077f88f87"}
{"level":"info","message":"📍 Socket joined room: user:6a0e1c7651fe1e4077f88f87","socketId":"8gr595wpZ3lXEbJOAAAN"}
{"level":"info","message":"📍 Socket joined room: owner:6a0e1c7651fe1e4077f88f87","socketId":"8gr595wpZ3lXEbJOAAAN"}
{"level":"info","message":"✅ User logged out","role":"owner","userId":"6a0e1c7651fe1e4077f88f87"}
{"level":"info","message":"❌ Socket disconnected: 8gr595wpZ3lXEbJOAAAN"}
{"level":"warn","message":"⚠️ Optional environment variables missing: STRIPE_SECRET_KEY. Some features may not work."}
{"level":"info","message":"✅ All required environment variables validated"}
{"level":"info","message":"✅ MongoDB connected: ac-7wu8mts-shard-00-01.ju6heal.mongodb.net"}
{"level":"info","message":"✅ NotificationService running in In-Memory Socket.IO mode"}
{"level":"info","message":"🚀 Server running on port 5000"}
{"error":"Invalid login: 535-5.7.8 Username and Password not accepted. For more information, go to\n535 5.7.8  https://support.google.com/mail/?p=BadCredentials 41be03b00d2f7-c852054c8absm1274553a12.16 - gsmtp","level":"error","message":"Email transporter verification failed"}
{"email":"owner@statio-nexus.com","level":"info","message":"✅ User logged in successfully","role":"owner","userId":"6a0e1c7651fe1e4077f88f87"}
{"level":"info","message":"🔌 Socket connected: L2gj_Ob8Y7WC3SczAAAB","role":"owner","userId":"6a0e1c7651fe1e4077f88f87"}
{"level":"info","message":"📍 Socket joined room: user:6a0e1c7651fe1e4077f88f87","socketId":"L2gj_Ob8Y7WC3SczAAAB"}
{"level":"info","message":"📍 Socket joined room: owner:6a0e1c7651fe1e4077f88f87","socketId":"L2gj_Ob8Y7WC3SczAAAB"}
{"level":"info","message":"✅ Station spot updated: S-1779377645672-87","ownerId":"6a0e1c7651fe1e4077f88f87","spotId":"6a0f25ed14628ee62152403d"}
{"level":"info","message":"✅ Station spot updated: S-1779377645672-88","ownerId":"6a0e1c7651fe1e4077f88f87","spotId":"6a0f25ed14628ee62152403e"}
{"level":"info","message":"✅ Station spot updated: S-1779377645672-86","ownerId":"6a0e1c7651fe1e4077f88f87","spotId":"6a0f25ed14628ee62152403c"}
{"level":"info","message":"✅ Station spot updated: S-1779377645672-79","ownerId":"6a0e1c7651fe1e4077f88f87","spotId":"6a0f25ed14628ee621524035"}
{"level":"info","message":"✅ Station spot updated: S-1779377645672-75","ownerId":"6a0e1c7651fe1e4077f88f87","spotId":"6a0f25ed14628ee621524031"}
{"level":"info","message":"✅ Station spot updated: S-1779377645672-85","ownerId":"6a0e1c7651fe1e4077f88f87","spotId":"6a0f25ed14628ee62152403b"}
{"level":"info","message":"✅ Station spot updated: S-1779377645672-77","ownerId":"6a0e1c7651fe1e4077f88f87","spotId":"6a0f25ed14628ee621524033"}
{"level":"info","message":"✅ Station spot updated: S-1779377645672-84","ownerId":"6a0e1c7651fe1e4077f88f87","spotId":"6a0f25ed14628ee62152403a"}
{"level":"info","message":"✅ Station spot updated: S-1779377645672-78","ownerId":"6a0e1c7651fe1e4077f88f87","spotId":"6a0f25ed14628ee621524034"}
{"level":"info","message":"✅ Station spot updated: S-1779377645672-69","ownerId":"6a0e1c7651fe1e4077f88f87","spotId":"6a0f25ed14628ee62152402b"}
{"level":"info","message":"✅ Station spot updated: S-1779377645672-74","ownerId":"6a0e1c7651fe1e4077f88f87","spotId":"6a0f25ed14628ee621524030"}
{"level":"info","message":"✅ Station spot updated: S-1779377645672-81","ownerId":"6a0e1c7651fe1e4077f88f87","spotId":"6a0f25ed14628ee621524037"}
{"level":"info","message":"✅ Station spot updated: S-1779377645672-72","ownerId":"6a0e1c7651fe1e4077f88f87","spotId":"6a0f25ed14628ee62152402e"}
{"level":"info","message":"✅ Station spot updated: S-1779377645672-82","ownerId":"6a0e1c7651fe1e4077f88f87","spotId":"6a0f25ed14628ee621524038"}
{"level":"info","message":"✅ Station spot updated: S-1779377645672-70","ownerId":"6a0e1c7651fe1e4077f88f87","spotId":"6a0f25ed14628ee62152402c"}
{"level":"info","message":"✅ Station spot updated: S-1779377645672-76","ownerId":"6a0e1c7651fe1e4077f88f87","spotId":"6a0f25ed14628ee621524032"}
{"level":"info","message":"✅ Station spot updated: S-1779377645672-71","ownerId":"6a0e1c7651fe1e4077f88f87","spotId":"6a0f25ed14628ee62152402d"}
{"level":"info","message":"✅ Station spot updated: S-1779377645672-73","ownerId":"6a0e1c7651fe1e4077f88f87","spotId":"6a0f25ed14628ee62152402f"}
{"level":"info","message":"✅ Station spot updated: S-1779377645672-80","ownerId":"6a0e1c7651fe1e4077f88f87","spotId":"6a0f25ed14628ee621524036"}
{"level":"info","message":"✅ Station spot updated: S-1779377645672-83","ownerId":"6a0e1c7651fe1e4077f88f87","spotId":"6a0f25ed14628ee621524039"}
{"level":"info","message":"✅ Station spot updated: S-1779377645672-62","ownerId":"6a0e1c7651fe1e4077f88f87","spotId":"6a0f25ed14628ee621524024"}
{"level":"info","message":"✅ Station spot updated: S-1779377645672-54","ownerId":"6a0e1c7651fe1e4077f88f87","spotId":"6a0f25ed14628ee62152401c"}
{"level":"info","message":"✅ Station spot updated: S-1779377645672-63","ownerId":"6a0e1c7651fe1e4077f88f87","spotId":"6a0f25ed14628ee621524025"}
{"level":"info","message":"✅ Station spot updated: S-1779377645672-52","ownerId":"6a0e1c7651fe1e4077f88f87","spotId":"6a0f25ed14628ee62152401a"}
{"level":"info","message":"✅ Station spot updated: S-1779377645672-66","ownerId":"6a0e1c7651fe1e4077f88f87","spotId":"6a0f25ed14628ee621524028"}
{"level":"info","message":"✅ Station spot updated: S-1779377645672-59","ownerId":"6a0e1c7651fe1e4077f88f87","spotId":"6a0f25ed14628ee621524021"}
{"level":"info","message":"✅ Station spot updated: S-1779377645672-57","ownerId":"6a0e1c7651fe1e4077f88f87","spotId":"6a0f25ed14628ee62152401f"}
{"level":"info","message":"✅ Station spot updated: S-1779377645672-61","ownerId":"6a0e1c7651fe1e4077f88f87","spotId":"6a0f25ed14628ee621524023"}
{"level":"info","message":"✅ Station spot updated: S-1779377645672-53","ownerId":"6a0e1c7651fe1e4077f88f87","spotId":"6a0f25ed14628ee62152401b"}
{"level":"info","message":"✅ Station spot updated: S-1779377645672-56","ownerId":"6a0e1c7651fe1e4077f88f87","spotId":"6a0f25ed14628ee62152401e"}
{"level":"info","message":"✅ Station spot updated: S-1779377645672-64","ownerId":"6a0e1c7651fe1e4077f88f87","spotId":"6a0f25ed14628ee621524026"}
{"level":"info","message":"✅ Station spot updated: S-1779377645672-42","ownerId":"6a0e1c7651fe1e4077f88f87","spotId":"6a0f25ed14628ee621524010"}
{"level":"info","message":"✅ Station spot updated: S-1779377645672-58","ownerId":"6a0e1c7651fe1e4077f88f87","spotId":"6a0f25ed14628ee621524020"}
{"level":"info","message":"✅ Station spot updated: S-1779377645672-51","ownerId":"6a0e1c7651fe1e4077f88f87","spotId":"6a0f25ed14628ee621524019"}
{"level":"info","message":"✅ Station spot updated: S-1779377645672-60","ownerId":"6a0e1c7651fe1e4077f88f87","spotId":"6a0f25ed14628ee621524022"}
{"level":"info","message":"✅ Station spot updated: S-1779377645672-68","ownerId":"6a0e1c7651fe1e4077f88f87","spotId":"6a0f25ed14628ee62152402a"}
{"level":"info","message":"✅ Station spot updated: S-1779377645672-50","ownerId":"6a0e1c7651fe1e4077f88f87","spotId":"6a0f25ed14628ee621524018"}
{"level":"info","message":"✅ Station spot updated: S-1779377645672-48","ownerId":"6a0e1c7651fe1e4077f88f87","spotId":"6a0f25ed14628ee621524016"}
{"level":"info","message":"✅ Station spot updated: S-1779377645672-67","ownerId":"6a0e1c7651fe1e4077f88f87","spotId":"6a0f25ed14628ee621524029"}
{"level":"info","message":"✅ Station spot updated: S-1779377645672-45","ownerId":"6a0e1c7651fe1e4077f88f87","spotId":"6a0f25ed14628ee621524013"}
{"level":"info","message":"✅ Station spot updated: S-1779377645672-46","ownerId":"6a0e1c7651fe1e4077f88f87","spotId":"6a0f25ed14628ee621524014"}
{"level":"info","message":"✅ Station spot updated: S-1779377645672-49","ownerId":"6a0e1c7651fe1e4077f88f87","spotId":"6a0f25ed14628ee621524017"}
{"level":"info","message":"✅ Station spot updated: S-1779377645672-44","ownerId":"6a0e1c7651fe1e4077f88f87","spotId":"6a0f25ed14628ee621524012"}
{"level":"info","message":"✅ Station spot updated: S-1779377645672-65","ownerId":"6a0e1c7651fe1e4077f88f87","spotId":"6a0f25ed14628ee621524027"}
{"level":"info","message":"✅ Station spot updated: S-1779377645672-55","ownerId":"6a0e1c7651fe1e4077f88f87","spotId":"6a0f25ed14628ee62152401d"}
{"level":"info","message":"✅ Station spot updated: S-1779377645672-47","ownerId":"6a0e1c7651fe1e4077f88f87","spotId":"6a0f25ed14628ee621524015"}
{"level":"info","message":"✅ Station spot updated: S-1779377645672-43","ownerId":"6a0e1c7651fe1e4077f88f87","spotId":"6a0f25ed14628ee621524011"}
{"level":"info","message":"✅ Station spot updated: S-1779377645672-26","ownerId":"6a0e1c7651fe1e4077f88f87","spotId":"6a0f25ed14628ee621524000"}
{"level":"info","message":"✅ Station spot updated: S-1779377645672-18","ownerId":"6a0e1c7651fe1e4077f88f87","spotId":"6a0f25ed14628ee621523ff8"}
{"level":"info","message":"✅ Station spot updated: S-1779377645672-40","ownerId":"6a0e1c7651fe1e4077f88f87","spotId":"6a0f25ed14628ee62152400e"}
{"level":"info","message":"✅ Station spot updated: S-1779377645672-14","ownerId":"6a0e1c7651fe1e4077f88f87","spotId":"6a0f25ed14628ee621523ff4"}
{"level":"info","message":"✅ Station spot updated: S-1779377645672-22","ownerId":"6a0e1c7651fe1e4077f88f87","spotId":"6a0f25ed14628ee621523ffc"}
{"level":"info","message":"✅ Station spot updated: S-1779377645672-41","ownerId":"6a0e1c7651fe1e4077f88f87","spotId":"6a0f25ed14628ee62152400f"}
{"level":"info","message":"✅ Station spot updated: S-1779377645672-12","ownerId":"6a0e1c7651fe1e4077f88f87","spotId":"6a0f25ed14628ee621523ff2"}
{"level":"info","message":"✅ Station spot updated: S-1779377645672-15","ownerId":"6a0e1c7651fe1e4077f88f87","spotId":"6a0f25ed14628ee621523ff5"}
{"level":"info","message":"✅ Station spot updated: S-1779377645672-13","ownerId":"6a0e1c7651fe1e4077f88f87","spotId":"6a0f25ed14628ee621523ff3"}
{"level":"info","message":"✅ Station spot updated: S-1779377645672-17","ownerId":"6a0e1c7651fe1e4077f88f87","spotId":"6a0f25ed14628ee621523ff7"}
{"level":"info","message":"✅ Station spot updated: S-1779377645672-16","ownerId":"6a0e1c7651fe1e4077f88f87","spotId":"6a0f25ed14628ee621523ff6"}
{"level":"info","message":"✅ Station spot updated: S-1779377645672-39","ownerId":"6a0e1c7651fe1e4077f88f87","spotId":"6a0f25ed14628ee62152400d"}
{"level":"info","message":"✅ Station spot updated: S-1779377645672-34","ownerId":"6a0e1c7651fe1e4077f88f87","spotId":"6a0f25ed14628ee621524008"}
{"level":"info","message":"✅ Station spot updated: S-1779377645672-20","ownerId":"6a0e1c7651fe1e4077f88f87","spotId":"6a0f25ed14628ee621523ffa"}
{"level":"info","message":"✅ Station spot updated: S-1779377645672-19","ownerId":"6a0e1c7651fe1e4077f88f87","spotId":"6a0f25ed14628ee621523ff9"}
{"level":"info","message":"✅ Station spot updated: S-1779377645672-21","ownerId":"6a0e1c7651fe1e4077f88f87","spotId":"6a0f25ed14628ee621523ffb"}
{"level":"info","message":"✅ Station spot updated: S-1779377645672-23","ownerId":"6a0e1c7651fe1e4077f88f87","spotId":"6a0f25ed14628ee621523ffd"}
{"level":"info","message":"✅ Station spot updated: S-1779377645672-24","ownerId":"6a0e1c7651fe1e4077f88f87","spotId":"6a0f25ed14628ee621523ffe"}
{"level":"info","message":"✅ Station spot updated: S-1779377645672-25","ownerId":"6a0e1c7651fe1e4077f88f87","spotId":"6a0f25ed14628ee621523fff"}
{"level":"info","message":"✅ Station spot updated: S-1779377645672-27","ownerId":"6a0e1c7651fe1e4077f88f87","spotId":"6a0f25ed14628ee621524001"}
{"level":"info","message":"✅ Station spot updated: S-1779377645672-28","ownerId":"6a0e1c7651fe1e4077f88f87","spotId":"6a0f25ed14628ee621524002"}
{"level":"info","message":"✅ Station spot updated: S-1779377645672-38","ownerId":"6a0e1c7651fe1e4077f88f87","spotId":"6a0f25ed14628ee62152400c"}
{"level":"info","message":"✅ Station spot updated: S-1779377645672-29","ownerId":"6a0e1c7651fe1e4077f88f87","spotId":"6a0f25ed14628ee621524003"}
{"level":"info","message":"✅ Station spot updated: S-1779377645672-31","ownerId":"6a0e1c7651fe1e4077f88f87","spotId":"6a0f25ed14628ee621524005"}
{"level":"info","message":"✅ Station spot updated: S-1779377645672-32","ownerId":"6a0e1c7651fe1e4077f88f87","spotId":"6a0f25ed14628ee621524006"}
{"level":"info","message":"✅ Station spot updated: S-1779377645672-33","ownerId":"6a0e1c7651fe1e4077f88f87","spotId":"6a0f25ed14628ee621524007"}
{"level":"info","message":"✅ Station spot updated: S-1779377645672-30","ownerId":"6a0e1c7651fe1e4077f88f87","spotId":"6a0f25ed14628ee621524004"}
{"level":"info","message":"✅ Station spot updated: S-1779377645672-37","ownerId":"6a0e1c7651fe1e4077f88f87","spotId":"6a0f25ed14628ee62152400b"}
{"level":"info","message":"✅ Station spot updated: S-1779377645672-35","ownerId":"6a0e1c7651fe1e4077f88f87","spotId":"6a0f25ed14628ee621524009"}
{"level":"info","message":"✅ Station spot updated: S-1779377645672-36","ownerId":"6a0e1c7651fe1e4077f88f87","spotId":"6a0f25ed14628ee62152400a"}
{"level":"info","message":"✅ Station spot updated: S-1779377645672-2","ownerId":"6a0e1c7651fe1e4077f88f87","spotId":"6a0f25ed14628ee621523fe8"}
{"level":"info","message":"✅ Station spot updated: S-1779377645672-3","ownerId":"6a0e1c7651fe1e4077f88f87","spotId":"6a0f25ed14628ee621523fe9"}
{"level":"info","message":"✅ Station spot updated: S-1779377645672-4","ownerId":"6a0e1c7651fe1e4077f88f87","spotId":"6a0f25ed14628ee621523fea"}
{"level":"info","message":"✅ Station spot updated: S-1779377645672-5","ownerId":"6a0e1c7651fe1e4077f88f87","spotId":"6a0f25ed14628ee621523feb"}
{"level":"info","message":"✅ Station spot updated: S-1779377645672-8","ownerId":"6a0e1c7651fe1e4077f88f87","spotId":"6a0f25ed14628ee621523fee"}
{"level":"info","message":"✅ Station spot updated: S-1779377645672-6","ownerId":"6a0e1c7651fe1e4077f88f87","spotId":"6a0f25ed14628ee621523fec"}
{"level":"info","message":"✅ Station spot updated: S-1779377645672-7","ownerId":"6a0e1c7651fe1e4077f88f87","spotId":"6a0f25ed14628ee621523fed"}
{"level":"info","message":"✅ Station spot updated: S-1779377645672-9","ownerId":"6a0e1c7651fe1e4077f88f87","spotId":"6a0f25ed14628ee621523fef"}
{"level":"info","message":"✅ Station spot updated: S-1779377645672-1","ownerId":"6a0e1c7651fe1e4077f88f87","spotId":"6a0f25ed14628ee621523fe7"}
{"level":"info","message":"✅ Station spot updated: S-1779377645672-10","ownerId":"6a0e1c7651fe1e4077f88f87","spotId":"6a0f25ed14628ee621523ff0"}
{"level":"info","message":"✅ Station spot updated: S-1779377645672-11","ownerId":"6a0e1c7651fe1e4077f88f87","spotId":"6a0f25ed14628ee621523ff1"}
{"level":"info","message":"❌ Socket disconnected: L2gj_Ob8Y7WC3SczAAAB"}
{"level":"info","message":"🔌 Socket connected: q-UFPkSvlfRpz6DhAAAE","role":"owner","userId":"6a0e1c7651fe1e4077f88f87"}
{"level":"info","message":"🔌 Socket connected: bGq6VDUEj_eYWyVDAAAF","role":"owner","userId":"6a0e1c7651fe1e4077f88f87"}
{"level":"info","message":"📍 Socket joined room: user:6a0e1c7651fe1e4077f88f87","socketId":"bGq6VDUEj_eYWyVDAAAF"}
{"level":"info","message":"📍 Socket joined room: owner:6a0e1c7651fe1e4077f88f87","socketId":"bGq6VDUEj_eYWyVDAAAF"}
{"level":"info","message":"✅ User logged out","role":"owner","userId":"6a0e1c7651fe1e4077f88f87"}
{"level":"info","message":"❌ Socket disconnected: bGq6VDUEj_eYWyVDAAAF"}
{"email":"admin@statio-nexus.com","level":"info","message":"✅ User logged in successfully","role":"admin","userId":"6a0e1c7551fe1e4077f88f7f"}
{"level":"info","message":"🔌 Socket connected: M-q8Nuy5W1L0ER3HAAAH","role":"admin","userId":"6a0e1c7551fe1e4077f88f7f"}
{"level":"info","message":"📍 Socket joined room: user:6a0e1c7551fe1e4077f88f7f","socketId":"M-q8Nuy5W1L0ER3HAAAH"}
{"level":"info","message":"📍 Socket joined room: owner:6a0e1c7551fe1e4077f88f7f","socketId":"M-q8Nuy5W1L0ER3HAAAH"}
{"level":"info","message":"❌ Socket disconnected: q-UFPkSvlfRpz6DhAAAE"}
{"level":"info","message":"❌ Socket disconnected: M-q8Nuy5W1L0ER3HAAAH"}
{"level":"info","message":"🔌 Socket connected: LDYAIYDlKMu_7xNgAAAK","role":"admin","userId":"6a0e1c7551fe1e4077f88f7f"}
{"level":"info","message":"🔌 Socket connected: _6jsxLihyPKsJpLEAAAL","role":"admin","userId":"6a0e1c7551fe1e4077f88f7f"}
{"level":"info","message":"📍 Socket joined room: user:6a0e1c7551fe1e4077f88f7f","socketId":"_6jsxLihyPKsJpLEAAAL"}
{"level":"info","message":"📍 Socket joined room: owner:6a0e1c7551fe1e4077f88f7f","socketId":"_6jsxLihyPKsJpLEAAAL"}
{"level":"info","message":"✅ User logged out","role":"admin","userId":"6a0e1c7551fe1e4077f88f7f"}
{"level":"info","message":"❌ Socket disconnected: _6jsxLihyPKsJpLEAAAL"}
{"email":"owner@statio-nexus.com","level":"info","message":"✅ User logged in successfully","role":"owner","userId":"6a0e1c7651fe1e4077f88f87"}
{"level":"info","message":"🔌 Socket connected: XbBuuaZDEtbjhw2CAAAN","role":"owner","userId":"6a0e1c7651fe1e4077f88f87"}
{"level":"info","message":"📍 Socket joined room: user:6a0e1c7651fe1e4077f88f87","socketId":"XbBuuaZDEtbjhw2CAAAN"}
{"level":"info","message":"📍 Socket joined room: owner:6a0e1c7651fe1e4077f88f87","socketId":"XbBuuaZDEtbjhw2CAAAN"}
{"level":"warn","message":"⚠️ Optional environment variables missing: STRIPE_SECRET_KEY. Some features may not work."}
{"level":"info","message":"✅ All required environment variables validated"}
{"level":"warn","message":"⚠️ Optional environment variables missing: STRIPE_SECRET_KEY. Some features may not work."}
{"level":"info","message":"✅ All required environment variables validated"}
{"level":"info","message":"✅ MongoDB connected: ac-7wu8mts-shard-00-01.ju6heal.mongodb.net"}
{"level":"info","message":"✅ NotificationService running in In-Memory Socket.IO mode"}
{"level":"info","message":"🚀 Server running on port 5000"}
{"level":"info","message":"🔌 Socket connected: XYgxspi8GOEC0IROAAAC","role":"owner","userId":"6a0e1c7651fe1e4077f88f87"}
{"level":"info","message":"🔌 Socket connected: Sf9efYbzsiHyScsyAAAD","role":"admin","userId":"6a0e1c7551fe1e4077f88f7f"}
{"level":"info","message":"📍 Socket joined room: user:6a0e1c7651fe1e4077f88f87","socketId":"XYgxspi8GOEC0IROAAAC"}
{"level":"info","message":"📍 Socket joined room: owner:6a0e1c7651fe1e4077f88f87","socketId":"XYgxspi8GOEC0IROAAAC"}
{"error":"Invalid login: 535-5.7.8 Username and Password not accepted. For more information, go to\n535 5.7.8  https://support.google.com/mail/?p=BadCredentials d9443c01a7336-2beb591f63dsm21946125ad.83 - gsmtp","level":"error","message":"Email transporter verification failed"}
{"level":"info","message":"❌ Socket disconnected: XYgxspi8GOEC0IROAAAC"}
{"level":"info","message":"❌ Socket disconnected: Sf9efYbzsiHyScsyAAAD"}
{"level":"info","message":"🔌 Socket connected: u02AUAFMZ1pF6r2aAAAG","role":"owner","userId":"6a0e1c7651fe1e4077f88f87"}
{"level":"info","message":"🔌 Socket connected: yMjzh2lbR3uzFLNeAAAH","role":"owner","userId":"6a0e1c7651fe1e4077f88f87"}
{"level":"info","message":"📍 Socket joined room: user:6a0e1c7651fe1e4077f88f87","socketId":"yMjzh2lbR3uzFLNeAAAH"}
{"level":"info","message":"📍 Socket joined room: owner:6a0e1c7651fe1e4077f88f87","socketId":"yMjzh2lbR3uzFLNeAAAH"}
