{"level":"warn","message":"⚠️ Optional environment variables missing: STRIPE_SECRET_KEY. Some features may not work."}
{"level":"info","message":"✅ All required environment variables validated"}
{"level":"info","message":"✅ MongoDB connected: ac-7wu8mts-shard-00-00.ju6heal.mongodb.net"}
{"level":"info","message":"✅ NotificationService running in In-Memory Socket.IO mode"}
{"level":"info","message":"🚀 Server running on port 5000"}
{"error":"Invalid login: 535-5.7.8 Username and Password not accepted. For more information, go to\n535 5.7.8  https://support.google.com/mail/?p=BadCredentials d9443c01a7336-2beb56d68adsm106783695ad.32 - gsmtp","level":"error","message":"Email transporter verification failed"}
{"email":"admin@statio-nexus.com","level":"info","message":"✅ User logged in successfully","role":"admin","userId":"6a0e1c7551fe1e4077f88f7f"}
{"level":"info","message":"🔌 Socket connected: tZJ-Y0WYm0Cmw0XSAAAB","role":"admin","userId":"6a0e1c7551fe1e4077f88f7f"}
{"level":"info","message":"📍 Socket joined room: user:6a0e1c7551fe1e4077f88f7f","socketId":"tZJ-Y0WYm0Cmw0XSAAAB"}
{"level":"info","message":"📍 Socket joined room: owner:6a0e1c7551fe1e4077f88f7f","socketId":"tZJ-Y0WYm0Cmw0XSAAAB"}
{"level":"info","message":"❌ Socket disconnected: tZJ-Y0WYm0Cmw0XSAAAB"}
{"level":"info","message":"🔌 Socket connected: ezS9nfocF6qIw0ymAAAE","role":"admin","userId":"6a0e1c7551fe1e4077f88f7f"}
{"level":"info","message":"🔌 Socket connected: 7hKsDh4z504QzfvIAAAF","role":"admin","userId":"6a0e1c7551fe1e4077f88f7f"}
{"level":"info","message":"📍 Socket joined room: user:6a0e1c7551fe1e4077f88f7f","socketId":"7hKsDh4z504QzfvIAAAF"}
{"level":"info","message":"📍 Socket joined room: owner:6a0e1c7551fe1e4077f88f7f","socketId":"7hKsDh4z504QzfvIAAAF"}
{"level":"info","message":"❌ Socket disconnected: ezS9nfocF6qIw0ymAAAE"}
{"level":"info","message":"❌ Socket disconnected: 7hKsDh4z504QzfvIAAAF"}
{"level":"info","message":"🔌 Socket connected: pTnGGtF_LP4FUE6qAAAI","role":"admin","userId":"6a0e1c7551fe1e4077f88f7f"}
{"level":"info","message":"🔌 Socket connected: ZPn8jQl0RZ5EaH2WAAAJ","role":"admin","userId":"6a0e1c7551fe1e4077f88f7f"}
{"level":"info","message":"📍 Socket joined room: user:6a0e1c7551fe1e4077f88f7f","socketId":"ZPn8jQl0RZ5EaH2WAAAJ"}
{"level":"info","message":"📍 Socket joined room: owner:6a0e1c7551fe1e4077f88f7f","socketId":"ZPn8jQl0RZ5EaH2WAAAJ"}
{"level":"info","message":"✅ User logged out","role":"admin","userId":"6a0e1c7551fe1e4077f88f7f"}
{"level":"info","message":"❌ Socket disconnected: ZPn8jQl0RZ5EaH2WAAAJ"}
{"email":"owner@statio-nexus.com","level":"info","message":"✅ User logged in successfully","role":"owner","userId":"6a0e1c7651fe1e4077f88f87"}
{"level":"info","message":"🔌 Socket connected: yotOZRlv74tFhK1PAAAL","role":"owner","userId":"6a0e1c7651fe1e4077f88f87"}
{"level":"info","message":"📍 Socket joined room: user:6a0e1c7651fe1e4077f88f87","socketId":"yotOZRlv74tFhK1PAAAL"}
{"level":"info","message":"📍 Socket joined room: owner:6a0e1c7651fe1e4077f88f87","socketId":"yotOZRlv74tFhK1PAAAL"}
{"level":"info","message":"✅ User logged out","role":"owner","userId":"6a0e1c7651fe1e4077f88f87"}
{"level":"info","message":"❌ Socket disconnected: yotOZRlv74tFhK1PAAAL"}
{"level":"warn","message":"⚠️ Optional environment variables missing: STRIPE_SECRET_KEY. Some features may not work."}
{"level":"info","message":"✅ All required environment variables validated"}
{"level":"info","message":"✅ MongoDB connected: ac-7wu8mts-shard-00-00.ju6heal.mongodb.net"}
{"level":"info","message":"✅ NotificationService running in In-Memory Socket.IO mode"}
{"level":"info","message":"🚀 Server running on port 5000"}
{"level":"info","message":"🔌 Socket connected: zGue37Y-LrgWlrbxAAAB","role":"admin","userId":"6a0e1c7551fe1e4077f88f7f"}
{"error":"Invalid login: 535-5.7.8 Username and Password not accepted. For more information, go to\n535 5.7.8  https://support.google.com/mail/?p=BadCredentials d2e1a72fcca58-84164fd8127sm8640525b3a.50 - gsmtp","level":"error","message":"Email transporter verification failed"}
