{"error":"Invalid login: 535-5.7.8 Username and Password not accepted. For more information, go to\n535 5.7.8  https://support.google.com/mail/?p=BadCredentials d9443c01a7336-2bf23b011d3sm54829265ad.52 - gsmtp","level":"error","message":"Email transporter verification failed"}
{"error":"Invalid login: 535-5.7.8 Username and Password not accepted. For more information, go to\n535 5.7.8  https://support.google.com/mail/?p=BadCredentials d2e1a72fcca58-84214affe29sm5065944b3a.3 - gsmtp","level":"error","message":"Email transporter verification failed"}
{"error":"jwt expired","level":"error","message":"Auth middleware error:","name":"TokenExpiredError","path":"/staff"}
{"error":"jwt expired","level":"error","message":"Auth middleware error:","name":"TokenExpiredError","path":"/staff"}
{"error":"Invalid login: 535-5.7.8 Username and Password not accepted. For more information, go to\n535 5.7.8  https://support.google.com/mail/?p=BadCredentials 41be03b00d2f7-c85773e4d91sm6301613a12.31 - gsmtp","level":"error","message":"Email transporter verification failed"}
{"error":"Invalid login: 535-5.7.8 Username and Password not accepted. For more information, go to\n535 5.7.8  https://support.google.com/mail/?p=BadCredentials d9443c01a7336-2bf23a22ae0sm61936065ad.35 - gsmtp","level":"error","message":"Email transporter verification failed"}
{"error":"Invalid login: 535-5.7.8 Username and Password not accepted. For more information, go to\n535 5.7.8  https://support.google.com/mail/?p=BadCredentials d9443c01a7336-2bf239fd8cdsm64670885ad.22 - gsmtp","level":"error","message":"Email transporter verification failed"}
{"level":"error","message":"❌ MongoDB connection failed: Could not connect to any servers in your MongoDB Atlas cluster. One common reason is that you're trying to access the database from an IP that isn't whitelisted. Make sure your current IP address is on your Atlas cluster's IP whitelist: https://www.mongodb.com/docs/atlas/security-whitelist/"}
{"error":"Invalid login: 535-5.7.8 Username and Password not accepted. For more information, go to\n535 5.7.8  https://support.google.com/mail/?p=BadCredentials d2e1a72fcca58-84214d018fcsm6114485b3a.60 - gsmtp","level":"error","message":"Email transporter verification failed"}
{"error":"Invalid login: 535-5.7.8 Username and Password not accepted. For more information, go to\n535 5.7.8  https://support.google.com/mail/?p=BadCredentials d9443c01a7336-2bf23c0751asm70804425ad.55 - gsmtp","level":"error","message":"Email transporter verification failed"}
{"error":"Invalid login: 535-5.7.8 Username and Password not accepted. For more information, go to\n535 5.7.8  https://support.google.com/mail/?p=BadCredentials 41be03b00d2f7-c85771a9299sm6342756a12.7 - gsmtp","level":"error","message":"Email transporter verification failed"}
{"error":"jwt expired","level":"error","message":"Auth middleware error:","name":"TokenExpiredError","path":"/analytics"}
{"error":"Invalid login: 535-5.7.8 Username and Password not accepted. For more information, go to\n535 5.7.8  https://support.google.com/mail/?p=BadCredentials 98e67ed59e1d1-36bbffc1879sm7428408a91.5 - gsmtp","level":"error","message":"Email transporter verification failed"}
{"error":"occupancyByLocation is not defined","level":"error","message":"Server Error","stack":"ReferenceError: occupancyByLocation is not defined\n    at getOwnerAnalytics (C:\\Users\\Lawrenz\\Downloads\\statio-nexus\\statio-nexus\\Server\\Components\\modules\\analytics\\analytics.controller.js:311:9)\n    at process.processTicksAndRejections (node:internal/process/task_queues:103:5)"}
{"error":"Invalid login: 535-5.7.8 Username and Password not accepted. For more information, go to\n535 5.7.8  https://support.google.com/mail/?p=BadCredentials 98e67ed59e1d1-36bc65e8490sm7369739a91.3 - gsmtp","level":"error","message":"Email transporter verification failed"}
{"error":"Invalid login: 535-5.7.8 Username and Password not accepted. For more information, go to\n535 5.7.8  https://support.google.com/mail/?p=BadCredentials 41be03b00d2f7-c85770b9e2esm6481550a12.0 - gsmtp","level":"error","message":"Email transporter verification failed"}
{"error":"occupancyByLocation is not defined","level":"error","message":"Server Error","stack":"ReferenceError: occupancyByLocation is not defined\n    at getOwnerAnalytics (C:\\Users\\Lawrenz\\Downloads\\statio-nexus\\statio-nexus\\Server\\Components\\modules\\analytics\\analytics.controller.js:311:9)\n    at process.processTicksAndRejections (node:internal/process/task_queues:103:5)"}
{"error":"Invalid login: 535-5.7.8 Username and Password not accepted. For more information, go to\n535 5.7.8  https://support.google.com/mail/?p=BadCredentials d2e1a72fcca58-84234c99af5sm3057762b3a.53 - gsmtp","level":"error","message":"Email transporter verification failed"}
{"error":"Invalid login: 535-5.7.8 Username and Password not accepted. For more information, go to\n535 5.7.8  https://support.google.com/mail/?p=BadCredentials 98e67ed59e1d1-36bbdb68fa6sm3134613a91.1 - gsmtp","level":"error","message":"Email transporter verification failed"}
{"error":"occupancyByLocation is not defined","level":"error","message":"Server Error","stack":"ReferenceError: occupancyByLocation is not defined\n    at getOwnerAnalytics (C:\\Users\\Lawrenz\\Downloads\\statio-nexus\\statio-nexus\\Server\\Components\\modules\\analytics\\analytics.controller.js:311:9)\n    at process.processTicksAndRejections (node:internal/process/task_queues:103:5)"}
{"error":"Invalid login: 535-5.7.8 Username and Password not accepted. For more information, go to\n535 5.7.8  https://support.google.com/mail/?p=BadCredentials d9443c01a7336-2bf23a22ae0sm63710545ad.35 - gsmtp","level":"error","message":"Email transporter verification failed"}
{"error":"occupancyByLocation is not defined","level":"error","message":"Server Error","stack":"ReferenceError: occupancyByLocation is not defined\n    at getOwnerAnalytics (C:\\Users\\Lawrenz\\Downloads\\statio-nexus\\statio-nexus\\Server\\Components\\modules\\analytics\\analytics.controller.js:311:9)\n    at process.processTicksAndRejections (node:internal/process/task_queues:103:5)"}
{"error":"occupancyByLocation is not defined","level":"error","message":"Server Error","stack":"ReferenceError: occupancyByLocation is not defined\n    at getOwnerAnalytics (C:\\Users\\Lawrenz\\Downloads\\statio-nexus\\statio-nexus\\Server\\Components\\modules\\analytics\\analytics.controller.js:311:9)\n    at process.processTicksAndRejections (node:internal/process/task_queues:103:5)"}
{"error":"Invalid login: 535-5.7.8 Username and Password not accepted. For more information, go to\n535 5.7.8  https://support.google.com/mail/?p=BadCredentials d2e1a72fcca58-842263539a3sm4703162b3a.44 - gsmtp","level":"error","message":"Email transporter verification failed"}
{"error":"Invalid login: 535-5.7.8 Username and Password not accepted. For more information, go to\n535 5.7.8  https://support.google.com/mail/?p=BadCredentials d9443c01a7336-2bf23c26d66sm68628125ad.66 - gsmtp","level":"error","message":"Email transporter verification failed"}
{"error":"occupancyByLocation is not defined","level":"error","message":"Server Error","stack":"ReferenceError: occupancyByLocation is not defined\n    at getOwnerAnalytics (C:\\Users\\Lawrenz\\Downloads\\statio-nexus\\statio-nexus\\Server\\Components\\modules\\analytics\\analytics.controller.js:309:9)\n    at process.processTicksAndRejections (node:internal/process/task_queues:103:5)"}
{"error":"Invalid login: 535-5.7.8 Username and Password not accepted. For more information, go to\n535 5.7.8  https://support.google.com/mail/?p=BadCredentials d2e1a72fcca58-8423ea48bccsm1517974b3a.13 - gsmtp","level":"error","message":"Email transporter verification failed"}
{"error":"Invalid login: 535-5.7.8 Username and Password not accepted. For more information, go to\n535 5.7.8  https://support.google.com/mail/?p=BadCredentials d2e1a72fcca58-84232ef8172sm3321121b3a.12 - gsmtp","level":"error","message":"Email transporter verification failed"}
{"error":"Invalid login: 535-5.7.8 Username and Password not accepted. For more information, go to\n535 5.7.8  https://support.google.com/mail/?p=BadCredentials d9443c01a7336-2bf369c790esm46040795ad.56 - gsmtp","level":"error","message":"Email transporter verification failed"}
{"error":"Invalid login: 535-5.7.8 Username and Password not accepted. For more information, go to\n535 5.7.8  https://support.google.com/mail/?p=BadCredentials d9443c01a7336-2bf239e700csm89683335ad.10 - gsmtp","level":"error","message":"Email transporter verification failed"}
{"error":"Invalid login: 535-5.7.8 Username and Password not accepted. For more information, go to\n535 5.7.8  https://support.google.com/mail/?p=BadCredentials d9443c01a7336-2bf23b0019csm69008825ad.45 - gsmtp","level":"error","message":"Email transporter verification failed"}
{"error":"Invalid login: 535-5.7.8 Username and Password not accepted. For more information, go to\n535 5.7.8  https://support.google.com/mail/?p=BadCredentials 98e67ed59e1d1-36bc0c1ab21sm6994661a91.14 - gsmtp","level":"error","message":"Email transporter verification failed"}
{"error":"Invalid login: 535-5.7.8 Username and Password not accepted. For more information, go to\n535 5.7.8  https://support.google.com/mail/?p=BadCredentials d9443c01a7336-2bf7b6609f5sm46430055ad.60 - gsmtp","level":"error","message":"Email transporter verification failed"}
{"error":"jwt expired","level":"error","message":"Auth middleware error:","name":"TokenExpiredError","path":"/analytics"}
{"error":"jwt expired","level":"error","message":"Auth middleware error:","name":"TokenExpiredError","path":"/analytics"}
{"error":"Invalid login: 535-5.7.8 Username and Password not accepted. For more information, go to\n535 5.7.8  https://support.google.com/mail/?p=BadCredentials d9443c01a7336-2bf23c1e46asm74150935ad.61 - gsmtp","level":"error","message":"Email transporter verification failed"}
{"error":"Invalid login: 535-5.7.8 Username and Password not accepted. For more information, go to\n535 5.7.8  https://support.google.com/mail/?p=BadCredentials d9443c01a7336-2bf3125ff09sm61332635ad.84 - gsmtp","level":"error","message":"Email transporter verification failed"}
{"error":"Invalid login: 535-5.7.8 Username and Password not accepted. For more information, go to\n535 5.7.8  https://support.google.com/mail/?p=BadCredentials d2e1a72fcca58-8421f52d549sm6200126b3a.17 - gsmtp","level":"error","message":"Email transporter verification failed"}
{"error":"Invalid login: 535-5.7.8 Username and Password not accepted. For more information, go to\n535 5.7.8  https://support.google.com/mail/?p=BadCredentials d9443c01a7336-2bf239e7483sm73717045ad.14 - gsmtp","level":"error","message":"Email transporter verification failed"}
{"error":"Invalid login: 535-5.7.8 Username and Password not accepted. For more information, go to\n535 5.7.8  https://support.google.com/mail/?p=BadCredentials d2e1a72fcca58-842498819e3sm1496790b3a.34 - gsmtp","level":"error","message":"Email transporter verification failed"}
{"error":"Invalid login: 535-5.7.8 Username and Password not accepted. For more information, go to\n535 5.7.8  https://support.google.com/mail/?p=BadCredentials 98e67ed59e1d1-36bc6a34dabsm7823367a91.12 - gsmtp","level":"error","message":"Email transporter verification failed"}
{"error":"Invalid login: 535-5.7.8 Username and Password not accepted. For more information, go to\n535 5.7.8  https://support.google.com/mail/?p=BadCredentials d9443c01a7336-2bf239fd24fsm97014495ad.20 - gsmtp","level":"error","message":"Email transporter verification failed"}
{"error":"jwt expired","level":"error","message":"Auth middleware error:","name":"TokenExpiredError","path":"/analytics"}
{"error":"jwt expired","level":"error","message":"Auth middleware error:","name":"TokenExpiredError","path":"/analytics"}
{"error":"Invalid login: 535-5.7.8 Username and Password not accepted. For more information, go to\n535 5.7.8  https://support.google.com/mail/?p=BadCredentials d9443c01a7336-2bf239fd8cdsm75848745ad.22 - gsmtp","level":"error","message":"Email transporter verification failed"}
{"error":"Invalid login: 535-5.7.8 Username and Password not accepted. For more information, go to\n535 5.7.8  https://support.google.com/mail/?p=BadCredentials 98e67ed59e1d1-36c689cb2b7sm5243064a91.7 - gsmtp","level":"error","message":"Email transporter verification failed"}
{"error":"Invalid login: 535-5.7.8 Username and Password not accepted. For more information, go to\n535 5.7.8  https://support.google.com/mail/?p=BadCredentials d2e1a72fcca58-84214b00d64sm7590554b3a.10 - gsmtp","level":"error","message":"Email transporter verification failed"}
{"error":"jwt expired","level":"error","message":"Auth middleware error:","name":"TokenExpiredError","path":"/spots"}
{"error":"jwt expired","level":"error","message":"Auth middleware error:","name":"TokenExpiredError","path":"/spots"}
{"error":"jwt expired","level":"error","message":"Auth middleware error:","name":"TokenExpiredError","path":"/bookings"}
{"error":"jwt expired","level":"error","message":"Auth middleware error:","name":"TokenExpiredError","path":"/bookings"}
